2025-01-29 15:44:49 [background-preinit] INFO  o.h.validator.internal.util.Version - HV000001: Hibernate Validator 8.0.1.Final
2025-01-29 15:44:49 [main] INFO  c.s.template.TemplateApplication - Starting TemplateApplication using Java 21.0.2 with PID 22224 (C:\wamp64\www\template_frontback\backend\target\classes started by WaAd in C:\wamp64\www\template_frontback\backend)
2025-01-29 15:44:49 [main] DEBUG c.s.template.TemplateApplication - Running with Spring Boot v3.3.5, Spring v6.1.14
2025-01-29 15:44:49 [main] INFO  c.s.template.TemplateApplication - The following 1 profile is active: "dev"
2025-01-29 15:44:50 [main] INFO  o.s.d.r.c.RepositoryConfigurationDelegate - Bootstrapping Spring Data JPA repositories in DEFAULT mode.
2025-01-29 15:44:51 [main] INFO  o.s.d.r.c.RepositoryConfigurationDelegate - Finished Spring Data repository scanning in 79 ms. Found 3 JPA repository interfaces.
2025-01-29 15:44:51 [main] INFO  o.s.b.w.e.tomcat.TomcatWebServer - Tomcat initialized with port 8080 (http)
2025-01-29 15:44:51 [main] INFO  o.a.coyote.http11.Http11NioProtocol - Initializing ProtocolHandler ["http-nio-8080"]
2025-01-29 15:44:51 [main] INFO  o.a.catalina.core.StandardService - Starting service [Tomcat]
2025-01-29 15:44:51 [main] INFO  o.a.catalina.core.StandardEngine - Starting Servlet engine: [Apache Tomcat/10.1.31]
2025-01-29 15:44:51 [main] INFO  o.a.c.c.C.[Tomcat].[localhost].[/] - Initializing Spring embedded WebApplicationContext
2025-01-29 15:44:51 [main] INFO  o.s.b.w.s.c.ServletWebServerApplicationContext - Root WebApplicationContext: initialization completed in 2121 ms
2025-01-29 15:44:52 [main] INFO  o.h.jpa.internal.util.LogHelper - HHH000204: Processing PersistenceUnitInfo [name: default]
2025-01-29 15:44:52 [main] INFO  org.hibernate.Version - HHH000412: Hibernate ORM core version 6.5.3.Final
2025-01-29 15:44:52 [main] INFO  o.h.c.i.RegionFactoryInitiator - HHH000026: Second-level cache disabled
2025-01-29 15:44:53 [main] INFO  o.s.o.j.p.SpringPersistenceUnitInfo - No LoadTimeWeaver setup: ignoring JPA class transformer
2025-01-29 15:44:53 [main] INFO  com.zaxxer.hikari.HikariDataSource - HikariPool-1 - Starting...
2025-01-29 15:44:53 [main] INFO  com.zaxxer.hikari.pool.HikariPool - HikariPool-1 - Added connection org.mariadb.jdbc.Connection@6eded11a
2025-01-29 15:44:53 [main] INFO  com.zaxxer.hikari.HikariDataSource - HikariPool-1 - Start completed.
2025-01-29 15:44:53 [main] WARN  org.hibernate.orm.deprecation - HHH90000025: MariaDBDialect does not need to be specified explicitly using 'hibernate.dialect' (remove the property setting and it will be selected by default)
2025-01-29 15:44:55 [main] INFO  o.h.e.t.j.p.i.JtaPlatformInitiator - HHH000489: No JTA platform available (set 'hibernate.transaction.jta.platform' to enable JTA platform integration)
2025-01-29 15:44:55 [main] INFO  o.s.o.j.LocalContainerEntityManagerFactoryBean - Initialized JPA EntityManagerFactory for persistence unit 'default'
2025-01-29 15:44:56 [main] WARN  o.s.b.a.o.j.JpaBaseConfiguration$JpaWebConfiguration - spring.jpa.open-in-view is enabled by default. Therefore, database queries may be performed during view rendering. Explicitly configure spring.jpa.open-in-view to disable this warning
2025-01-29 15:44:57 [main] DEBUG c.s.t.jtw.JwtAuthenticationFilter - Filter 'jwtAuthenticationFilter' configured for use
2025-01-29 15:44:57 [main] INFO  o.s.s.c.a.a.c.InitializeAuthenticationProviderBeanManagerConfigurer$InitializeAuthenticationProviderManagerConfigurer - Global AuthenticationManager configured with AuthenticationProvider bean with name authenticationProvider
2025-01-29 15:44:57 [main] WARN  o.s.s.c.a.a.c.InitializeUserDetailsBeanManagerConfigurer$InitializeUserDetailsManagerConfigurer - Global AuthenticationManager configured with an AuthenticationProvider bean. UserDetailsService beans will not be used for username/password login. Consider removing the AuthenticationProvider bean. Alternatively, consider using the UserDetailsService in a manually instantiated DaoAuthenticationProvider.
2025-01-29 15:44:58 [main] INFO  o.s.b.a.e.web.EndpointLinksResolver - Exposing 15 endpoints beneath base path '/actuator'
2025-01-29 15:44:59 [main] INFO  o.a.coyote.http11.Http11NioProtocol - Starting ProtocolHandler ["http-nio-8080"]
2025-01-29 15:44:59 [main] INFO  o.s.b.w.e.tomcat.TomcatWebServer - Tomcat started on port 8080 (http) with context path '/'
2025-01-29 15:44:59 [main] DEBUG org.hibernate.SQL - 
    select
        r1_0.id,
        r1_0.created_at,
        r1_0.description,
        r1_0.name,
        r1_0.updated_at 
    from
        roles r1_0 
    where
        r1_0.name=?
2025-01-29 15:44:59 [main] DEBUG org.hibernate.SQL - 
    select
        u1_0.roles_id,
        u1_1.id,
        u1_1.created_at,
        u1_1.email,
        u1_1.first_name,
        u1_1.last_name,
        u1_1.password,
        u1_1.updated_at 
    from
        users_roles u1_0 
    join
        users u1_1 
            on u1_1.id=u1_0.users_id 
    where
        u1_0.roles_id=?
2025-01-29 15:44:59 [main] DEBUG org.hibernate.SQL - 
    select
        r1_0.users_id,
        r1_1.id,
        r1_1.created_at,
        r1_1.description,
        r1_1.name,
        r1_1.updated_at 
    from
        users_roles r1_0 
    join
        roles r1_1 
            on r1_1.id=r1_0.roles_id 
    where
        r1_0.users_id=?
2025-01-29 15:44:59 [main] DEBUG org.hibernate.SQL - 
    select
        u1_0.id,
        u1_0.created_at,
        u1_0.email,
        u1_0.first_name,
        u1_0.last_name,
        u1_0.password,
        u1_0.updated_at 
    from
        users u1_0 
    where
        u1_0.email=?
2025-01-29 15:44:59 [main] DEBUG org.hibernate.SQL - 
    select
        r1_0.users_id,
        r1_1.id,
        r1_1.created_at,
        r1_1.description,
        r1_1.name,
        r1_1.updated_at 
    from
        users_roles r1_0 
    join
        roles r1_1 
            on r1_1.id=r1_0.roles_id 
    where
        r1_0.users_id=?
2025-01-29 15:44:59 [main] DEBUG org.hibernate.SQL - 
    select
        u1_0.roles_id,
        u1_1.id,
        u1_1.created_at,
        u1_1.email,
        u1_1.first_name,
        u1_1.last_name,
        u1_1.password,
        u1_1.updated_at 
    from
        users_roles u1_0 
    join
        users u1_1 
            on u1_1.id=u1_0.users_id 
    where
        u1_0.roles_id=?
2025-01-29 15:44:59 [main] DEBUG org.hibernate.SQL - 
    select
        r1_0.id,
        r1_0.created_at,
        r1_0.description,
        r1_0.name,
        r1_0.updated_at 
    from
        roles r1_0 
    where
        r1_0.name=?
2025-01-29 15:44:59 [main] DEBUG org.hibernate.SQL - 
    select
        u1_0.roles_id,
        u1_1.id,
        u1_1.created_at,
        u1_1.email,
        u1_1.first_name,
        u1_1.last_name,
        u1_1.password,
        u1_1.updated_at 
    from
        users_roles u1_0 
    join
        users u1_1 
            on u1_1.id=u1_0.users_id 
    where
        u1_0.roles_id=?
2025-01-29 15:44:59 [main] DEBUG org.hibernate.SQL - 
    select
        r1_0.users_id,
        r1_1.id,
        r1_1.created_at,
        r1_1.description,
        r1_1.name,
        r1_1.updated_at 
    from
        users_roles r1_0 
    join
        roles r1_1 
            on r1_1.id=r1_0.roles_id 
    where
        r1_0.users_id=?
2025-01-29 15:44:59 [main] DEBUG org.hibernate.SQL - 
    select
        r1_0.users_id,
        r1_1.id,
        r1_1.created_at,
        r1_1.description,
        r1_1.name,
        r1_1.updated_at 
    from
        users_roles r1_0 
    join
        roles r1_1 
            on r1_1.id=r1_0.roles_id 
    where
        r1_0.users_id=?
2025-01-29 15:44:59 [main] DEBUG org.hibernate.SQL - 
    select
        r1_0.users_id,
        r1_1.id,
        r1_1.created_at,
        r1_1.description,
        r1_1.name,
        r1_1.updated_at 
    from
        users_roles r1_0 
    join
        roles r1_1 
            on r1_1.id=r1_0.roles_id 
    where
        r1_0.users_id=?
2025-01-29 15:44:59 [main] DEBUG org.hibernate.SQL - 
    select
        r1_0.users_id,
        r1_1.id,
        r1_1.created_at,
        r1_1.description,
        r1_1.name,
        r1_1.updated_at 
    from
        users_roles r1_0 
    join
        roles r1_1 
            on r1_1.id=r1_0.roles_id 
    where
        r1_0.users_id=?
2025-01-29 15:44:59 [main] DEBUG org.hibernate.SQL - 
    select
        r1_0.users_id,
        r1_1.id,
        r1_1.created_at,
        r1_1.description,
        r1_1.name,
        r1_1.updated_at 
    from
        users_roles r1_0 
    join
        roles r1_1 
            on r1_1.id=r1_0.roles_id 
    where
        r1_0.users_id=?
2025-01-29 15:44:59 [main] DEBUG org.hibernate.SQL - 
    select
        r1_0.users_id,
        r1_1.id,
        r1_1.created_at,
        r1_1.description,
        r1_1.name,
        r1_1.updated_at 
    from
        users_roles r1_0 
    join
        roles r1_1 
            on r1_1.id=r1_0.roles_id 
    where
        r1_0.users_id=?
2025-01-29 15:44:59 [main] DEBUG org.hibernate.SQL - 
    select
        r1_0.id,
        r1_0.created_at,
        r1_0.description,
        r1_0.name,
        r1_0.updated_at 
    from
        roles r1_0 
    where
        r1_0.name=?
2025-01-29 15:44:59 [main] DEBUG org.hibernate.SQL - 
    select
        u1_0.roles_id,
        u1_1.id,
        u1_1.created_at,
        u1_1.email,
        u1_1.first_name,
        u1_1.last_name,
        u1_1.password,
        u1_1.updated_at 
    from
        users_roles u1_0 
    join
        users u1_1 
            on u1_1.id=u1_0.users_id 
    where
        u1_0.roles_id=?
2025-01-29 15:44:59 [main] DEBUG org.hibernate.SQL - 
    select
        r1_0.users_id,
        r1_1.id,
        r1_1.created_at,
        r1_1.description,
        r1_1.name,
        r1_1.updated_at 
    from
        users_roles r1_0 
    join
        roles r1_1 
            on r1_1.id=r1_0.roles_id 
    where
        r1_0.users_id=?
2025-01-29 15:44:59 [main] DEBUG org.hibernate.SQL - 
    select
        r1_0.id,
        r1_0.created_at,
        r1_0.description,
        r1_0.name,
        r1_0.updated_at 
    from
        roles r1_0 
    where
        r1_0.name=?
2025-01-29 15:44:59 [main] DEBUG org.hibernate.SQL - 
    select
        u1_0.roles_id,
        u1_1.id,
        u1_1.created_at,
        u1_1.email,
        u1_1.first_name,
        u1_1.last_name,
        u1_1.password,
        u1_1.updated_at 
    from
        users_roles u1_0 
    join
        users u1_1 
            on u1_1.id=u1_0.users_id 
    where
        u1_0.roles_id=?
2025-01-29 15:44:59 [main] DEBUG org.hibernate.SQL - 
    select
        r1_0.users_id,
        r1_1.id,
        r1_1.created_at,
        r1_1.description,
        r1_1.name,
        r1_1.updated_at 
    from
        users_roles r1_0 
    join
        roles r1_1 
            on r1_1.id=r1_0.roles_id 
    where
        r1_0.users_id=?
2025-01-29 15:44:59 [main] INFO  c.s.template.TemplateApplication - Started TemplateApplication in 10.54 seconds (process running for 10.838)
2025-01-29 15:45:00 [main] DEBUG org.hibernate.SQL - 
    select
        count(*) 
    from
        users u1_0
2025-01-29 15:45:00 [main] DEBUG org.hibernate.SQL - 
    select
        count(*) 
    from
        items i1_0
2025-01-29 15:47:09 [http-nio-8080-exec-2] INFO  o.a.c.c.C.[Tomcat].[localhost].[/] - Initializing Spring DispatcherServlet 'dispatcherServlet'
2025-01-29 15:47:09 [http-nio-8080-exec-2] INFO  o.s.web.servlet.DispatcherServlet - Initializing Servlet 'dispatcherServlet'
2025-01-29 15:47:09 [http-nio-8080-exec-2] INFO  o.s.web.servlet.DispatcherServlet - Completed initialization in 0 ms
2025-01-29 15:47:09 [http-nio-8080-exec-2] DEBUG org.hibernate.SQL - 
    select
        u1_0.id,
        u1_0.created_at,
        u1_0.email,
        u1_0.first_name,
        u1_0.last_name,
        u1_0.password,
        u1_0.updated_at 
    from
        users u1_0 
    where
        u1_0.email=?
2025-01-29 15:47:09 [http-nio-8080-exec-2] DEBUG org.hibernate.SQL - 
    select
        r1_0.users_id,
        r1_1.id,
        r1_1.created_at,
        r1_1.description,
        r1_1.name,
        r1_1.updated_at 
    from
        users_roles r1_0 
    join
        roles r1_1 
            on r1_1.id=r1_0.roles_id 
    where
        r1_0.users_id=?
2025-01-29 15:47:09 [http-nio-8080-exec-2] DEBUG org.hibernate.SQL - 
    select
        u1_0.roles_id,
        u1_1.id,
        u1_1.created_at,
        u1_1.email,
        u1_1.first_name,
        u1_1.last_name,
        u1_1.password,
        u1_1.updated_at 
    from
        users_roles u1_0 
    join
        users u1_1 
            on u1_1.id=u1_0.users_id 
    where
        u1_0.roles_id=?
2025-01-29 15:47:09 [http-nio-8080-exec-2] DEBUG org.hibernate.SQL - 
    select
        r1_0.users_id,
        r1_1.id,
        r1_1.created_at,
        r1_1.description,
        r1_1.name,
        r1_1.updated_at 
    from
        users_roles r1_0 
    join
        roles r1_1 
            on r1_1.id=r1_0.roles_id 
    where
        r1_0.users_id=?
2025-01-29 15:47:09 [http-nio-8080-exec-2] DEBUG org.hibernate.SQL - 
    select
        r1_0.users_id,
        r1_1.id,
        r1_1.created_at,
        r1_1.description,
        r1_1.name,
        r1_1.updated_at 
    from
        users_roles r1_0 
    join
        roles r1_1 
            on r1_1.id=r1_0.roles_id 
    where
        r1_0.users_id=?
2025-01-29 15:47:10 [http-nio-8080-exec-2] DEBUG org.hibernate.SQL - 
    select
        r1_0.users_id,
        r1_1.id,
        r1_1.created_at,
        r1_1.description,
        r1_1.name,
        r1_1.updated_at 
    from
        users_roles r1_0 
    join
        roles r1_1 
            on r1_1.id=r1_0.roles_id 
    where
        r1_0.users_id=?
2025-01-29 15:47:10 [http-nio-8080-exec-2] DEBUG org.hibernate.SQL - 
    select
        r1_0.users_id,
        r1_1.id,
        r1_1.created_at,
        r1_1.description,
        r1_1.name,
        r1_1.updated_at 
    from
        users_roles r1_0 
    join
        roles r1_1 
            on r1_1.id=r1_0.roles_id 
    where
        r1_0.users_id=?
2025-01-29 15:47:10 [http-nio-8080-exec-2] DEBUG org.hibernate.SQL - 
    select
        r1_0.users_id,
        r1_1.id,
        r1_1.created_at,
        r1_1.description,
        r1_1.name,
        r1_1.updated_at 
    from
        users_roles r1_0 
    join
        roles r1_1 
            on r1_1.id=r1_0.roles_id 
    where
        r1_0.users_id=?
2025-01-29 15:47:10 [http-nio-8080-exec-2] DEBUG org.hibernate.SQL - 
    insert 
    into
        items
        (author_id, description, name) 
    values
        (?, ?, ?) 
    returning id
2025-01-29 15:57:32 [http-nio-8080-exec-7] DEBUG org.hibernate.SQL - 
    select
        u1_0.id,
        u1_0.created_at,
        u1_0.email,
        u1_0.first_name,
        u1_0.last_name,
        u1_0.password,
        u1_0.updated_at 
    from
        users u1_0 
    where
        u1_0.email=?
2025-01-29 15:57:32 [http-nio-8080-exec-7] DEBUG org.hibernate.SQL - 
    select
        r1_0.users_id,
        r1_1.id,
        r1_1.created_at,
        r1_1.description,
        r1_1.name,
        r1_1.updated_at 
    from
        users_roles r1_0 
    join
        roles r1_1 
            on r1_1.id=r1_0.roles_id 
    where
        r1_0.users_id=?
2025-01-29 15:57:32 [http-nio-8080-exec-7] DEBUG org.hibernate.SQL - 
    select
        u1_0.roles_id,
        u1_1.id,
        u1_1.created_at,
        u1_1.email,
        u1_1.first_name,
        u1_1.last_name,
        u1_1.password,
        u1_1.updated_at 
    from
        users_roles u1_0 
    join
        users u1_1 
            on u1_1.id=u1_0.users_id 
    where
        u1_0.roles_id=?
2025-01-29 15:57:32 [http-nio-8080-exec-7] DEBUG org.hibernate.SQL - 
    select
        r1_0.users_id,
        r1_1.id,
        r1_1.created_at,
        r1_1.description,
        r1_1.name,
        r1_1.updated_at 
    from
        users_roles r1_0 
    join
        roles r1_1 
            on r1_1.id=r1_0.roles_id 
    where
        r1_0.users_id=?
2025-01-29 15:57:32 [http-nio-8080-exec-7] DEBUG org.hibernate.SQL - 
    select
        r1_0.users_id,
        r1_1.id,
        r1_1.created_at,
        r1_1.description,
        r1_1.name,
        r1_1.updated_at 
    from
        users_roles r1_0 
    join
        roles r1_1 
            on r1_1.id=r1_0.roles_id 
    where
        r1_0.users_id=?
2025-01-29 15:57:32 [http-nio-8080-exec-7] DEBUG org.hibernate.SQL - 
    select
        r1_0.users_id,
        r1_1.id,
        r1_1.created_at,
        r1_1.description,
        r1_1.name,
        r1_1.updated_at 
    from
        users_roles r1_0 
    join
        roles r1_1 
            on r1_1.id=r1_0.roles_id 
    where
        r1_0.users_id=?
2025-01-29 15:57:32 [http-nio-8080-exec-7] DEBUG org.hibernate.SQL - 
    select
        r1_0.users_id,
        r1_1.id,
        r1_1.created_at,
        r1_1.description,
        r1_1.name,
        r1_1.updated_at 
    from
        users_roles r1_0 
    join
        roles r1_1 
            on r1_1.id=r1_0.roles_id 
    where
        r1_0.users_id=?
2025-01-29 15:57:32 [http-nio-8080-exec-7] DEBUG org.hibernate.SQL - 
    select
        r1_0.users_id,
        r1_1.id,
        r1_1.created_at,
        r1_1.description,
        r1_1.name,
        r1_1.updated_at 
    from
        users_roles r1_0 
    join
        roles r1_1 
            on r1_1.id=r1_0.roles_id 
    where
        r1_0.users_id=?
2025-01-29 15:57:32 [http-nio-8080-exec-7] DEBUG org.hibernate.SQL - 
    insert 
    into
        items
        (author_id, description, name) 
    values
        (?, ?, ?) 
    returning id
2025-01-29 16:03:11 [http-nio-8080-exec-9] DEBUG org.hibernate.SQL - 
    select
        u1_0.id,
        u1_0.created_at,
        u1_0.email,
        u1_0.first_name,
        u1_0.last_name,
        u1_0.password,
        u1_0.updated_at 
    from
        users u1_0 
    where
        u1_0.email=?
2025-01-29 16:03:11 [http-nio-8080-exec-9] DEBUG org.hibernate.SQL - 
    select
        r1_0.users_id,
        r1_1.id,
        r1_1.created_at,
        r1_1.description,
        r1_1.name,
        r1_1.updated_at 
    from
        users_roles r1_0 
    join
        roles r1_1 
            on r1_1.id=r1_0.roles_id 
    where
        r1_0.users_id=?
2025-01-29 16:03:11 [http-nio-8080-exec-9] DEBUG org.hibernate.SQL - 
    select
        u1_0.roles_id,
        u1_1.id,
        u1_1.created_at,
        u1_1.email,
        u1_1.first_name,
        u1_1.last_name,
        u1_1.password,
        u1_1.updated_at 
    from
        users_roles u1_0 
    join
        users u1_1 
            on u1_1.id=u1_0.users_id 
    where
        u1_0.roles_id=?
2025-01-29 16:03:11 [http-nio-8080-exec-9] DEBUG org.hibernate.SQL - 
    select
        r1_0.users_id,
        r1_1.id,
        r1_1.created_at,
        r1_1.description,
        r1_1.name,
        r1_1.updated_at 
    from
        users_roles r1_0 
    join
        roles r1_1 
            on r1_1.id=r1_0.roles_id 
    where
        r1_0.users_id=?
2025-01-29 16:03:11 [http-nio-8080-exec-9] DEBUG org.hibernate.SQL - 
    select
        r1_0.users_id,
        r1_1.id,
        r1_1.created_at,
        r1_1.description,
        r1_1.name,
        r1_1.updated_at 
    from
        users_roles r1_0 
    join
        roles r1_1 
            on r1_1.id=r1_0.roles_id 
    where
        r1_0.users_id=?
2025-01-29 16:03:11 [http-nio-8080-exec-9] DEBUG org.hibernate.SQL - 
    select
        r1_0.users_id,
        r1_1.id,
        r1_1.created_at,
        r1_1.description,
        r1_1.name,
        r1_1.updated_at 
    from
        users_roles r1_0 
    join
        roles r1_1 
            on r1_1.id=r1_0.roles_id 
    where
        r1_0.users_id=?
2025-01-29 16:03:11 [http-nio-8080-exec-9] DEBUG org.hibernate.SQL - 
    select
        r1_0.users_id,
        r1_1.id,
        r1_1.created_at,
        r1_1.description,
        r1_1.name,
        r1_1.updated_at 
    from
        users_roles r1_0 
    join
        roles r1_1 
            on r1_1.id=r1_0.roles_id 
    where
        r1_0.users_id=?
2025-01-29 16:03:11 [http-nio-8080-exec-9] DEBUG org.hibernate.SQL - 
    select
        r1_0.users_id,
        r1_1.id,
        r1_1.created_at,
        r1_1.description,
        r1_1.name,
        r1_1.updated_at 
    from
        users_roles r1_0 
    join
        roles r1_1 
            on r1_1.id=r1_0.roles_id 
    where
        r1_0.users_id=?
2025-01-29 16:03:11 [http-nio-8080-exec-9] DEBUG org.hibernate.SQL - 
    insert 
    into
        items
        (author_id, description, name) 
    values
        (?, ?, ?) 
    returning id
2025-01-29 16:03:35 [SpringApplicationShutdownHook] INFO  o.s.o.j.LocalContainerEntityManagerFactoryBean - Closing JPA EntityManagerFactory for persistence unit 'default'
2025-01-29 16:03:35 [SpringApplicationShutdownHook] INFO  com.zaxxer.hikari.HikariDataSource - HikariPool-1 - Shutdown initiated...
2025-01-29 16:03:35 [SpringApplicationShutdownHook] INFO  com.zaxxer.hikari.HikariDataSource - HikariPool-1 - Shutdown completed.
